2025-06-24 11:51:32,870 INFO  [org.jboss.as.server.deployment.scanner] (MSC service thread 1-7) WFLYDS0013: Started FileSystemDeploymentService for directory /Users/G33RY/playground/graalvm-test/wildfly26/standalone/deployments
2025-06-24 11:51:32,873 INFO  [org.jboss.as.server.deployment] (MSC service thread 1-8) WFLYSRV0027: Starting deployment of "testgraalvm.war" (runtime-name: "testgraalvm.war")
2025-06-24 11:51:32,906 INFO  [org.jboss.ws.common.management] (MSC service thread 1-1) JBWS022052: Starting JBossWS 5.5.0.Final (Apache CXF 3.4.10) 
2025-06-24 11:51:34,304 INFO  [org.infinispan.CONTAINER] (ServerService Thread Pool -- 78) ISPN000128: Infinispan version: Infinispan 'Triskaidekaphobia' 13.0.10.Final
2025-06-24 11:51:34,337 INFO  [org.infinispan.CONTAINER] (ServerService Thread Pool -- 78) ISPN000556: Starting user marshaller 'org.wildfly.clustering.infinispan.spi.marshalling.InfinispanProtoStreamMarshaller'
2025-06-24 11:51:34,474 INFO  [org.infinispan.CONFIG] (MSC service thread 1-8) ISPN000152: Passivation configured without an eviction policy being selected. Only manually evicted entities will be passivated.
2025-06-24 11:51:34,475 INFO  [org.infinispan.CONFIG] (MSC service thread 1-8) ISPN000152: Passivation configured without an eviction policy being selected. Only manually evicted entities will be passivated.
2025-06-24 11:51:34,479 INFO  [org.infinispan.CONTAINER] (ServerService Thread Pool -- 78) ISPN000025: wakeUpInterval is <= 0, not starting expired purge thread
2025-06-24 11:51:34,481 INFO  [org.jboss.as.clustering.infinispan] (ServerService Thread Pool -- 78) WFLYCLINF0002: Started http-remoting-connector cache from ejb container
2025-06-24 11:51:34,516 INFO  [org.wildfly.extension.undertow] (ServerService Thread Pool -- 80) WFLYUT0021: Registered web context: '/testgraalvm' for server 'default-server'
2025-06-24 11:51:34,538 INFO  [org.jboss.as.server] (ServerService Thread Pool -- 45) WFLYSRV0010: Deployed "testgraalvm.war" (runtime-name : "testgraalvm.war")
2025-06-24 11:51:34,589 INFO  [org.jboss.as.server] (Controller Boot Thread) WFLYSRV0212: Resuming server
2025-06-24 11:51:34,590 INFO  [org.jboss.as] (Controller Boot Thread) WFLYSRV0025: WildFly Full 26.1.3.Final (WildFly Core 18.1.2.Final) started in 3227ms - Started 406 of 607 services (341 services are lazy, passive or on-demand) - Server configuration file in use: standalone.xml
2025-06-24 11:51:34,591 INFO  [org.jboss.as] (Controller Boot Thread) WFLYSRV0060: Http management interface listening on http://127.0.0.1:9990/management
2025-06-24 11:51:34,591 INFO  [org.jboss.as] (Controller Boot Thread) WFLYSRV0051: Admin console listening on http://127.0.0.1:9990
2025-06-24 11:51:52,567 ERROR [stderr] (default task-1) [To redirect Truffle log output to a file use one of the following options:
2025-06-24 11:51:52,568 ERROR [stderr] (default task-1) * '--log.file=<path>' if the option is passed using a guest language launcher.
2025-06-24 11:51:52,568 ERROR [stderr] (default task-1) * '-Dpolyglot.log.file=<path>' if the option is passed using the host Java launcher.
2025-06-24 11:51:52,568 ERROR [stderr] (default task-1) * Configure logging using the polyglot embedding API.]
2025-06-24 11:51:52,568 ERROR [stderr] (default task-1) [engine] WARNING: The polyglot context is using an implementation that does not support runtime compilation.
2025-06-24 11:51:52,568 ERROR [stderr] (default task-1) The guest application code will therefore be executed in interpreted mode only.
2025-06-24 11:51:52,568 ERROR [stderr] (default task-1) Execution only in interpreted mode will strongly impact the guest application performance.
2025-06-24 11:51:52,568 ERROR [stderr] (default task-1) For more information on using GraalVM see https://www.graalvm.org/java/quickstart/.
2025-06-24 11:51:52,568 ERROR [stderr] (default task-1) To disable this warning the '--engine.WarnInterpreterOnly=false' option or use the '-Dpolyglot.engine.WarnInterpreterOnly=false' system property.
2025-06-24 11:51:52,570 WARN  [org.jboss.modules.define] (default task-1) Failed to define class com.oracle.truffle.api.impl.JDKAccessorImpl in Module "deployment.testgraalvm.war" from Service Module Loader: java.lang.UnsupportedClassVersionError: Failed to link com/oracle/truffle/api/impl/JDKAccessorImpl (Module "deployment.testgraalvm.war" from Service Module Loader): com/oracle/truffle/api/impl/JDKAccessorImpl (class file version 64.65535) was compiled with preview features that are unsupported. This version of the Java Runtime only recognizes preview features for class file version 65.65535
	at java.base/java.lang.ClassLoader.defineClass1(Native Method)
	at java.base/java.lang.ClassLoader.defineClass(ClassLoader.java:1027)
	at java.base/java.lang.ClassLoader.defineClass(ClassLoader.java:1105)
	at org.jboss.modules.ModuleClassLoader.doDefineOrLoadClass(ModuleClassLoader.java:351)
	at org.jboss.modules.ModuleClassLoader.defineClass(ModuleClassLoader.java:482)
	at org.jboss.modules.ModuleClassLoader.loadClassLocal(ModuleClassLoader.java:276)
	at org.jboss.modules.ModuleClassLoader$1.loadClassLocal(ModuleClassLoader.java:79)
	at org.jboss.modules.Module.loadModuleClass(Module.java:765)
	at org.jboss.modules.ModuleClassLoader.findClass(ModuleClassLoader.java:192)
	at org.jboss.modules.ConcurrentClassLoader.performLoadClassUnchecked(ConcurrentClassLoader.java:410)
	at org.jboss.modules.ConcurrentClassLoader.performLoadClass(ConcurrentClassLoader.java:398)
	at org.jboss.modules.ConcurrentClassLoader.loadClass(ConcurrentClassLoader.java:116)
	at deployment.testgraalvm.war//com.oracle.truffle.api.impl.JDKAccessor.<clinit>(JDKAccessor.java:60)
	at deployment.testgraalvm.war//com.oracle.truffle.polyglot.PolyglotContextImpl.enterThreadChanged(PolyglotContextImpl.java:791)
	at deployment.testgraalvm.war//com.oracle.truffle.polyglot.PolyglotEngineImpl.enterCached(PolyglotEngineImpl.java:2033)
	at deployment.testgraalvm.war//com.oracle.truffle.polyglot.PolyglotEngineImpl.enterIfNeeded(PolyglotEngineImpl.java:1961)
	at deployment.testgraalvm.war//com.oracle.truffle.polyglot.PolyglotValueDispatch.hostEnter(PolyglotValueDispatch.java:1259)
	at deployment.testgraalvm.war//com.oracle.truffle.polyglot.PolyglotContextImpl.eval(PolyglotContextImpl.java:1474)
	at deployment.testgraalvm.war//com.oracle.truffle.polyglot.PolyglotContextDispatch.eval(PolyglotContextDispatch.java:63)
	at deployment.testgraalvm.war//org.graalvm.polyglot.Context.eval(Context.java:403)
	at deployment.testgraalvm.war//org.graalvm.polyglot.Context.eval(Context.java:429)
	at deployment.testgraalvm.war//com.testing.HelloWorldServlet.doGet(HelloWorldServlet.java:34)
	at javax.servlet.api@2.0.0.Final//javax.servlet.http.HttpServlet.service(HttpServlet.java:503)
	at javax.servlet.api@2.0.0.Final//javax.servlet.http.HttpServlet.service(HttpServlet.java:590)
	at io.undertow.servlet@2.2.19.Final//io.undertow.servlet.handlers.ServletHandler.handleRequest(ServletHandler.java:74)
	at io.undertow.servlet@2.2.19.Final//io.undertow.servlet.handlers.security.ServletSecurityRoleHandler.handleRequest(ServletSecurityRoleHandler.java:62)
	at io.undertow.servlet@2.2.19.Final//io.undertow.servlet.handlers.ServletChain$1.handleRequest(ServletChain.java:68)
	at io.undertow.servlet@2.2.19.Final//io.undertow.servlet.handlers.ServletDispatchingHandler.handleRequest(ServletDispatchingHandler.java:36)
	at org.wildfly.security.elytron-web.undertow-server@1.10.1.Final//org.wildfly.elytron.web.undertow.server.ElytronRunAsHandler.lambda$handleRequest$1(ElytronRunAsHandler.java:68)
	at org.wildfly.security.elytron-base@1.19.1.Final//org.wildfly.security.auth.server.FlexibleIdentityAssociation.runAsFunctionEx(FlexibleIdentityAssociation.java:103)
	at org.wildfly.security.elytron-base@1.19.1.Final//org.wildfly.security.auth.server.Scoped.runAsFunctionEx(Scoped.java:161)
	at org.wildfly.security.elytron-base@1.19.1.Final//org.wildfly.security.auth.server.Scoped.runAs(Scoped.java:73)
	at org.wildfly.security.elytron-web.undertow-server@1.10.1.Final//org.wildfly.elytron.web.undertow.server.ElytronRunAsHandler.handleRequest(ElytronRunAsHandler.java:67)
	at io.undertow.servlet@2.2.19.Final//io.undertow.servlet.handlers.RedirectDirHandler.handleRequest(RedirectDirHandler.java:68)
	at io.undertow.servlet@2.2.19.Final//io.undertow.servlet.handlers.security.SSLInformationAssociationHandler.handleRequest(SSLInformationAssociationHandler.java:117)
	at io.undertow.servlet@2.2.19.Final//io.undertow.servlet.handlers.security.ServletAuthenticationCallHandler.handleRequest(ServletAuthenticationCallHandler.java:57)
	at io.undertow.core@2.2.19.Final//io.undertow.server.handlers.PredicateHandler.handleRequest(PredicateHandler.java:43)
	at io.undertow.core@2.2.19.Final//io.undertow.security.handlers.AbstractConfidentialityHandler.handleRequest(AbstractConfidentialityHandler.java:46)
	at io.undertow.servlet@2.2.19.Final//io.undertow.servlet.handlers.security.ServletConfidentialityConstraintHandler.handleRequest(ServletConfidentialityConstraintHandler.java:64)
	at io.undertow.core@2.2.19.Final//io.undertow.security.handlers.AbstractSecurityContextAssociationHandler.handleRequest(AbstractSecurityContextAssociationHandler.java:43)
	at org.wildfly.security.elytron-web.undertow-server-servlet@1.10.1.Final//org.wildfly.elytron.web.undertow.server.servlet.CleanUpHandler.handleRequest(CleanUpHandler.java:38)
	at io.undertow.core@2.2.19.Final//io.undertow.server.handlers.PredicateHandler.handleRequest(PredicateHandler.java:43)
	at org.wildfly.extension.undertow@26.1.3.Final//org.wildfly.extension.undertow.security.jacc.JACCContextIdHandler.handleRequest(JACCContextIdHandler.java:61)
	at io.undertow.core@2.2.19.Final//io.undertow.server.handlers.PredicateHandler.handleRequest(PredicateHandler.java:43)
	at org.wildfly.extension.undertow@26.1.3.Final//org.wildfly.extension.undertow.deployment.GlobalRequestControllerHandler.handleRequest(GlobalRequestControllerHandler.java:68)
	at io.undertow.servlet@2.2.19.Final//io.undertow.servlet.handlers.SendErrorPageHandler.handleRequest(SendErrorPageHandler.java:52)
	at io.undertow.core@2.2.19.Final//io.undertow.server.handlers.PredicateHandler.handleRequest(PredicateHandler.java:43)
	at io.undertow.servlet@2.2.19.Final//io.undertow.servlet.handlers.ServletInitialHandler.handleFirstRequest(ServletInitialHandler.java:275)
	at io.undertow.servlet@2.2.19.Final//io.undertow.servlet.handlers.ServletInitialHandler.access$100(ServletInitialHandler.java:79)
	at io.undertow.servlet@2.2.19.Final//io.undertow.servlet.handlers.ServletInitialHandler$2.call(ServletInitialHandler.java:134)
	at io.undertow.servlet@2.2.19.Final//io.undertow.servlet.handlers.ServletInitialHandler$2.call(ServletInitialHandler.java:131)
	at io.undertow.servlet@2.2.19.Final//io.undertow.servlet.core.ServletRequestContextThreadSetupAction$1.call(ServletRequestContextThreadSetupAction.java:48)
	at io.undertow.servlet@2.2.19.Final//io.undertow.servlet.core.ContextClassLoaderSetupAction$1.call(ContextClassLoaderSetupAction.java:43)
	at org.wildfly.extension.undertow@26.1.3.Final//org.wildfly.extension.undertow.deployment.UndertowDeploymentInfoService$UndertowThreadSetupAction.lambda$create$0(UndertowDeploymentInfoService.java:1544)
	at org.wildfly.extension.undertow@26.1.3.Final//org.wildfly.extension.undertow.deployment.UndertowDeploymentInfoService$UndertowThreadSetupAction.lambda$create$0(UndertowDeploymentInfoService.java:1544)
	at org.wildfly.extension.undertow@26.1.3.Final//org.wildfly.extension.undertow.deployment.UndertowDeploymentInfoService$UndertowThreadSetupAction.lambda$create$0(UndertowDeploymentInfoService.java:1544)
	at org.wildfly.extension.undertow@26.1.3.Final//org.wildfly.extension.undertow.deployment.UndertowDeploymentInfoService$UndertowThreadSetupAction.lambda$create$0(UndertowDeploymentInfoService.java:1544)
	at io.undertow.servlet@2.2.19.Final//io.undertow.servlet.handlers.ServletInitialHandler.dispatchRequest(ServletInitialHandler.java:255)
	at io.undertow.servlet@2.2.19.Final//io.undertow.servlet.handlers.ServletInitialHandler.access$000(ServletInitialHandler.java:79)
	at io.undertow.servlet@2.2.19.Final//io.undertow.servlet.handlers.ServletInitialHandler$1.handleRequest(ServletInitialHandler.java:100)
	at io.undertow.core@2.2.19.Final//io.undertow.server.Connectors.executeRootHandler(Connectors.java:387)
	at io.undertow.core@2.2.19.Final//io.undertow.server.HttpServerExchange$1.run(HttpServerExchange.java:852)
	at org.jboss.threads@2.4.0.Final//org.jboss.threads.ContextClassLoaderSavingRunnable.run(ContextClassLoaderSavingRunnable.java:35)
	at org.jboss.threads@2.4.0.Final//org.jboss.threads.EnhancedQueueExecutor.safeRun(EnhancedQueueExecutor.java:1990)
	at org.jboss.threads@2.4.0.Final//org.jboss.threads.EnhancedQueueExecutor$ThreadBody.doRunTask(EnhancedQueueExecutor.java:1486)
	at org.jboss.threads@2.4.0.Final//org.jboss.threads.EnhancedQueueExecutor$ThreadBody.run(EnhancedQueueExecutor.java:1348)
	at org.jboss.xnio@3.8.7.Final//org.xnio.XnioWorker$WorkerThreadFactory$1$1.run(XnioWorker.java:1282)
	at java.base/java.lang.Thread.run(Thread.java:1583)

2025-06-24 11:51:52,755 INFO  [stdout] (default task-1) 4
2025-06-24 11:51:54,075 ERROR [stderr] (default task-1) [To redirect Truffle log output to a file use one of the following options:
2025-06-24 11:51:54,075 ERROR [stderr] (default task-1) * '--log.file=<path>' if the option is passed using a guest language launcher.
2025-06-24 11:51:54,075 ERROR [stderr] (default task-1) * '-Dpolyglot.log.file=<path>' if the option is passed using the host Java launcher.
2025-06-24 11:51:54,075 ERROR [stderr] (default task-1) * Configure logging using the polyglot embedding API.]
2025-06-24 11:51:54,076 ERROR [stderr] (default task-1) [engine] WARNING: The polyglot context is using an implementation that does not support runtime compilation.
2025-06-24 11:51:54,076 ERROR [stderr] (default task-1) The guest application code will therefore be executed in interpreted mode only.
2025-06-24 11:51:54,076 ERROR [stderr] (default task-1) Execution only in interpreted mode will strongly impact the guest application performance.
2025-06-24 11:51:54,076 ERROR [stderr] (default task-1) For more information on using GraalVM see https://www.graalvm.org/java/quickstart/.
2025-06-24 11:51:54,076 ERROR [stderr] (default task-1) To disable this warning the '--engine.WarnInterpreterOnly=false' option or use the '-Dpolyglot.engine.WarnInterpreterOnly=false' system property.
2025-06-24 11:51:54,095 INFO  [stdout] (default task-1) 4
2025-06-24 11:51:55,099 ERROR [stderr] (default task-1) [To redirect Truffle log output to a file use one of the following options:
2025-06-24 11:51:55,100 ERROR [stderr] (default task-1) * '--log.file=<path>' if the option is passed using a guest language launcher.
2025-06-24 11:51:55,100 ERROR [stderr] (default task-1) * '-Dpolyglot.log.file=<path>' if the option is passed using the host Java launcher.
2025-06-24 11:51:55,100 ERROR [stderr] (default task-1) * Configure logging using the polyglot embedding API.]
2025-06-24 11:51:55,100 ERROR [stderr] (default task-1) [engine] WARNING: The polyglot context is using an implementation that does not support runtime compilation.
2025-06-24 11:51:55,100 ERROR [stderr] (default task-1) The guest application code will therefore be executed in interpreted mode only.
2025-06-24 11:51:55,100 ERROR [stderr] (default task-1) Execution only in interpreted mode will strongly impact the guest application performance.
2025-06-24 11:51:55,101 ERROR [stderr] (default task-1) For more information on using GraalVM see https://www.graalvm.org/java/quickstart/.
2025-06-24 11:51:55,104 ERROR [stderr] (default task-1) To disable this warning the '--engine.WarnInterpreterOnly=false' option or use the '-Dpolyglot.engine.WarnInterpreterOnly=false' system property.
2025-06-24 11:51:55,118 INFO  [stdout] (default task-1) 4
2025-06-24 11:52:00,768 INFO  [org.jboss.as.server] (Thread-1) WFLYSRV0272: Suspending server
2025-06-24 11:52:00,770 INFO  [org.jboss.as.ejb3] (Thread-1) WFLYEJB0493: Jakarta Enterprise Beans subsystem suspension complete
2025-06-24 11:52:00,772 INFO  [org.jboss.as.server] (Thread-1) WFLYSRV0220: Server shutdown has been requested via an OS signal
2025-06-24 11:52:00,783 INFO  [org.jboss.as.connector.deployers.jdbc] (MSC service thread 1-1) WFLYJCA0019: Stopped Driver service with driver-name = mysql
2025-06-24 11:52:00,786 INFO  [org.jboss.as.mail.extension] (MSC service thread 1-4) WFLYMAIL0002: Unbound mail session [java:jboss/mail/Default]
2025-06-24 11:52:00,797 INFO  [org.wildfly.extension.undertow] (ServerService Thread Pool -- 83) WFLYUT0022: Unregistered web context: '/testgraalvm' from server 'default-server'
2025-06-24 11:52:00,799 INFO  [org.wildfly.extension.undertow] (MSC service thread 1-7) WFLYUT0019: Host default-host stopping
2025-06-24 11:52:00,801 INFO  [org.jboss.as.connector.subsystems.datasources] (MSC service thread 1-7) WFLYJCA0010: Unbound data source [java:jboss/datasources/ExampleDS]
2025-06-24 11:52:00,804 INFO  [org.jboss.as.connector.deployers.jdbc] (MSC service thread 1-7) WFLYJCA0019: Stopped Driver service with driver-name = h2
2025-06-24 11:52:00,808 INFO  [org.jboss.as.clustering.infinispan] (ServerService Thread Pool -- 83) WFLYCLINF0003: Stopped http-remoting-connector cache from ejb container
2025-06-24 11:52:00,813 INFO  [org.wildfly.extension.undertow] (MSC service thread 1-7) WFLYUT0008: Undertow HTTPS listener https suspending
2025-06-24 11:52:00,813 INFO  [org.wildfly.extension.undertow] (MSC service thread 1-2) WFLYUT0008: Undertow HTTP listener default suspending
2025-06-24 11:52:00,813 INFO  [org.wildfly.extension.undertow] (MSC service thread 1-4) WFLYUT0008: Undertow AJP listener ajp suspending
2025-06-24 11:52:00,813 INFO  [org.wildfly.extension.undertow] (MSC service thread 1-7) WFLYUT0007: Undertow HTTPS listener https stopped, was bound to 127.0.0.1:8443
2025-06-24 11:52:00,813 INFO  [org.wildfly.extension.undertow] (MSC service thread 1-2) WFLYUT0007: Undertow HTTP listener default stopped, was bound to 127.0.0.1:8080
2025-06-24 11:52:00,813 INFO  [org.wildfly.extension.undertow] (MSC service thread 1-4) WFLYUT0007: Undertow AJP listener ajp stopped, was bound to 127.0.0.1:8009
2025-06-24 11:52:00,814 INFO  [org.wildfly.extension.undertow] (MSC service thread 1-7) WFLYUT0004: Undertow 2.2.19.Final stopping
2025-06-24 11:52:00,822 INFO  [org.jboss.as.server.deployment] (MSC service thread 1-3) WFLYSRV0028: Stopped deployment testgraalvm.war (runtime-name: testgraalvm.war) in 45ms
2025-06-24 11:52:00,825 INFO  [org.jboss.as] (MSC service thread 1-4) WFLYSRV0050: WildFly Full 26.1.3.Final (WildFly Core 18.1.2.Final) stopped in 46ms
